Línea 6: columnas insuficientes
Línea 9: columnas insuficientes
Línea 10: For input string: ""cinco""
Línea 12: columnas insuficientes
Línea 13: columnas insuficientes
Línea 15: columnas insuficientes
Línea 16: For input string: ""Zona 9""
Línea 18: columnas insuficientes
Línea 21: columnas insuficientes
Línea 22: For input string: "abc"
Línea 6: columnas insuficientes
Línea 9: columnas insuficientes
Línea 10: For input string: ""ocho""
Línea 12: columnas insuficientes
Línea 13: columnas insuficientes
Línea 15: columnas insuficientes
Línea 18: columnas insuficientes
Línea 19: For input string: ""2""
Línea 21: columnas insuficientes
Línea 22: For input string: "A"
Línea 6: columnas insuficientes
Línea 7: sucursal no encontrada -> 99
Línea 9: columnas insuficientes
Línea 12: columnas insuficientes
Línea 13: error -> For input string: "diez"
Línea 15: columnas insuficientes
Línea 18: columnas insuficientes
Línea 19: columnas insuficientes
Línea 21: columnas insuficientes
Línea 24: columnas insuficientes
Línea 27: columnas insuficientes
Línea 6: columnas insuficientes
Línea 9: columnas insuficientes
Línea 10: For input string: ""cinco""
Línea 12: columnas insuficientes
Línea 13: columnas insuficientes
Línea 15: columnas insuficientes
Línea 16: For input string: ""Zona 9""
Línea 18: columnas insuficientes
Línea 21: columnas insuficientes
Línea 22: For input string: "abc"
Línea 6: columnas insuficientes
Línea 9: columnas insuficientes
Línea 10: For input string: ""ocho""
Línea 12: columnas insuficientes
Línea 13: columnas insuficientes
Línea 15: columnas insuficientes
Línea 18: columnas insuficientes
Línea 19: For input string: ""2""
Línea 21: columnas insuficientes
Línea 22: For input string: "A"
Línea 1: columnas insuficientes
Línea 2: columnas insuficientes
Línea 3: columnas insuficientes
Línea 4: columnas insuficientes
Línea 6: columnas insuficientes
Línea 7: columnas insuficientes
Línea 9: columnas insuficientes
Línea 10: columnas insuficientes
Línea 12: columnas insuficientes
Línea 13: columnas insuficientes
Línea 15: columnas insuficientes
Línea 16: columnas insuficientes
Línea 18: columnas insuficientes
Línea 19: columnas insuficientes
Línea 21: columnas insuficientes
Línea 22: columnas insuficientes
Línea 6: columnas insuficientes
Línea 7: sucursal no encontrada -> 99
Línea 9: columnas insuficientes
Línea 12: columnas insuficientes
Línea 13: error -> For input string: "diez"
Línea 15: columnas insuficientes
Línea 18: columnas insuficientes
Línea 19: columnas insuficientes
Línea 21: columnas insuficientes
Línea 24: columnas insuficientes
Línea 27: columnas insuficientes
